0	STORE_STRING_CONST  #300, "Hello, World!\n"
1	STORE_CONST  %100,  #300
2	OUTPUT  %100
3	END
